2026-07-23 06:23:44 | INFO | Logging test started
2026-07-23 06:23:44 | WARNING | Logging test warning
2026-07-23 06:23:44 | ERROR | Logging test error
2026-07-23 06:49:16 | INFO | Scriptolator 0.5.0 started.
2026-07-23 06:52:03 | INFO | Scriptolator closed normally.
2026-07-23 06:52:42 | INFO | Scriptolator 0.5.0 started.
2026-07-23 06:58:45 | INFO | Scriptolator closed normally.
2026-07-23 06:59:46 | INFO | Scriptolator 1.0.0 started.
2026-07-23 07:00:01 | INFO | Scriptolator closed normally.
2026-07-23 07:06:06 | INFO | Scriptolator 1.0.0 started.
2026-07-23 07:08:05 | INFO | Scriptolator closed normally.
2026-07-23 08:22:56 | INFO | Scriptolator 1.0.0 started.
2026-07-23 08:23:58 | INFO | Scriptolator closed normally.
2026-07-23 09:26:00 | INFO | Scriptolator 1.0.0 started.
2026-07-23 09:26:23 | INFO | Scriptolator closed normally.
2026-07-23 10:59:29 | INFO | Scriptolator 1.0.0 started.
2026-07-23 10:59:37 | INFO | Scriptolator closed normally.
2026-07-23 11:05:16 | INFO | Scriptolator 1.0.0 started.
2026-07-23 11:05:25 | INFO | Scriptolator closed normally.
2026-07-23 11:13:45 | INFO | Scriptolator 1.0.0 started.
2026-07-23 11:13:54 | INFO | Scriptolator closed normally.
2026-07-23 11:20:44 | INFO | Scriptolator 1.0.0 started.
2026-07-23 11:20:57 | INFO | Scriptolator closed normally.
2026-07-23 11:24:50 | INFO | Scriptolator 1.0.0 started.
2026-07-23 11:24:53 | INFO | Scriptolator closed normally.
2026-07-23 11:30:52 | INFO | Scriptolator 1.0.0 started.
2026-07-23 11:31:23 | INFO | Scriptolator closed normally.
